INFO:  latexindent version 3.15, 2022-01-21, a script to indent .tex files
       latexindent lives here: /usr/share/texlive/texmf-dist/scripts/latexindent/
       Tue Apr  7 04:27:28 2026
       Filename: /mnt/data/dheeraj/dicertation/IPP/main.tex
INFO:  Processing switches:
       -s|--silent: Silent mode active (you have used either -s or --silent)
       -w|--overwrite: Overwrite mode active, will make a back up of /mnt/data/dheeraj/dicertation/IPP/main.tex first
INFO:  Directory for backup files and indent.log: /mnt/data/dheeraj/dicertation/IPP
INFO:  YAML settings read: defaultSettings.yaml
       Reading defaultSettings.yaml from /usr/share/texlive/texmf-dist/scripts/latexindent/defaultSettings.yaml
INFO:  YAML settings read: indentconfig.yaml or .indentconfig.yaml
       Home directory is /mnt/data/dheeraj (didn't find either indentconfig.yaml or .indentconfig.yaml)
       To specify user settings you would put indentconfig.yaml here: /mnt/data/dheeraj/indentconfig.yaml
       Alternatively, you can use the hidden file .indentconfig.yaml as: /mnt/data/dheeraj/.indentconfig.yaml
INFO:  Backup procedure (-w flag active):
       /mnt/data/dheeraj/dicertation/IPP/main.bak0 already exists, incrementing by 1... (see maxNumberOfBackUps and onlyOneBackUp)
       /mnt/data/dheeraj/dicertation/IPP/main.bak1 already exists, incrementing by 1... (see maxNumberOfBackUps and onlyOneBackUp)
       /mnt/data/dheeraj/dicertation/IPP/main.bak2 already exists, incrementing by 1... (see maxNumberOfBackUps and onlyOneBackUp)
       /mnt/data/dheeraj/dicertation/IPP/main.bak3 already exists, incrementing by 1... (see maxNumberOfBackUps and onlyOneBackUp)
       /mnt/data/dheeraj/dicertation/IPP/main.bak4 already exists, incrementing by 1... (see maxNumberOfBackUps and onlyOneBackUp)
       /mnt/data/dheeraj/dicertation/IPP/main.bak5 already exists, incrementing by 1... (see maxNumberOfBackUps and onlyOneBackUp)
       /mnt/data/dheeraj/dicertation/IPP/main.bak6 already exists, incrementing by 1... (see maxNumberOfBackUps and onlyOneBackUp)
       /mnt/data/dheeraj/dicertation/IPP/main.bak7 already exists, incrementing by 1... (see maxNumberOfBackUps and onlyOneBackUp)
       copying /mnt/data/dheeraj/dicertation/IPP/main.tex to /mnt/data/dheeraj/dicertation/IPP/main.bak8
       Backup file: /mnt/data/dheeraj/dicertation/IPP/main.bak8
       /mnt/data/dheeraj/dicertation/IPP/main.tex will be overwritten after indentation
INFO:  Phase 1: searching for objects
INFO:  Phase 2: finding surrounding indentation
INFO:  Phase 3: indenting objects
INFO:  Phase 4: final indentation check
INFO:  Output routine:
       Overwriting file /mnt/data/dheeraj/dicertation/IPP/main.tex
       --------------
INFO:  Please direct all communication/issues to:
        https://github.com/cmhughes/latexindent.pl
