
== revised-full-20260414-g0-opt125m :: report ==
/mnt/data/dheeraj/dicertation/inference-profile/inference_profile/plots.py:1909: UserWarning: This figure includes Axes that are not compatible with tight_layout, so results might be incorrect.
  fig.tight_layout()
/mnt/data/dheeraj/dicertation/inference-profile/inference_profile/plots.py:1909: UserWarning: This figure includes Axes that are not compatible with tight_layout, so results might be incorrect.
  fig.tight_layout()
/mnt/data/dheeraj/dicertation/inference-profile/inference_profile/plots.py:1909: UserWarning: This figure includes Axes that are not compatible with tight_layout, so results might be incorrect.
  fig.tight_layout()
/mnt/data/dheeraj/dicertation/inference-profile/inference_profile/plots.py:1909: UserWarning: This figure includes Axes that are not compatible with tight_layout, so results might be incorrect.
  fig.tight_layout()
== revised-full-20260414-g0-opt125m :: verify-bundle ==
revised-full-20260414-g0-opt125m OK

== revised-full-20260414-g1-opt350m :: report ==
/mnt/data/dheeraj/dicertation/inference-profile/inference_profile/plots.py:1909: UserWarning: This figure includes Axes that are not compatible with tight_layout, so results might be incorrect.
  fig.tight_layout()
/mnt/data/dheeraj/dicertation/inference-profile/inference_profile/plots.py:1909: UserWarning: This figure includes Axes that are not compatible with tight_layout, so results might be incorrect.
  fig.tight_layout()
/mnt/data/dheeraj/dicertation/inference-profile/inference_profile/plots.py:1909: UserWarning: This figure includes Axes that are not compatible with tight_layout, so results might be incorrect.
  fig.tight_layout()
/mnt/data/dheeraj/dicertation/inference-profile/inference_profile/plots.py:1909: UserWarning: This figure includes Axes that are not compatible with tight_layout, so results might be incorrect.
  fig.tight_layout()
== revised-full-20260414-g1-opt350m :: verify-bundle ==
revised-full-20260414-g1-opt350m OK

== revised-full-20260414-g2-opt13b-c64-256 :: report ==
/mnt/data/dheeraj/dicertation/inference-profile/inference_profile/plots.py:1909: UserWarning: This figure includes Axes that are not compatible with tight_layout, so results might be incorrect.
  fig.tight_layout()
/mnt/data/dheeraj/dicertation/inference-profile/inference_profile/plots.py:1909: UserWarning: This figure includes Axes that are not compatible with tight_layout, so results might be incorrect.
  fig.tight_layout()
/mnt/data/dheeraj/dicertation/inference-profile/inference_profile/plots.py:1909: UserWarning: This figure includes Axes that are not compatible with tight_layout, so results might be incorrect.
  fig.tight_layout()
/mnt/data/dheeraj/dicertation/inference-profile/inference_profile/plots.py:1909: UserWarning: This figure includes Axes that are not compatible with tight_layout, so results might be incorrect.
  fig.tight_layout()
== revised-full-20260414-g2-opt13b-c64-256 :: verify-bundle ==
revised-full-20260414-g2-opt13b-c64-256 OK

== revised-full-20260414-g3-opt13b-c512-1024 :: report ==
/mnt/data/dheeraj/dicertation/inference-profile/inference_profile/plots.py:1909: UserWarning: This figure includes Axes that are not compatible with tight_layout, so results might be incorrect.
  fig.tight_layout()
/mnt/data/dheeraj/dicertation/inference-profile/inference_profile/plots.py:1909: UserWarning: This figure includes Axes that are not compatible with tight_layout, so results might be incorrect.
  fig.tight_layout()
/mnt/data/dheeraj/dicertation/inference-profile/inference_profile/plots.py:1909: UserWarning: This figure includes Axes that are not compatible with tight_layout, so results might be incorrect.
  fig.tight_layout()
/mnt/data/dheeraj/dicertation/inference-profile/inference_profile/plots.py:1909: UserWarning: This figure includes Axes that are not compatible with tight_layout, so results might be incorrect.
  fig.tight_layout()
== revised-full-20260414-g3-opt13b-c512-1024 :: verify-bundle ==
revised-full-20260414-g3-opt13b-c512-1024 OK

== revised-full-20260414-g4-opt27b-c64-256 :: report ==
/mnt/data/dheeraj/dicertation/inference-profile/inference_profile/plots.py:1909: UserWarning: This figure includes Axes that are not compatible with tight_layout, so results might be incorrect.
  fig.tight_layout()
/mnt/data/dheeraj/dicertation/inference-profile/inference_profile/plots.py:1909: UserWarning: This figure includes Axes that are not compatible with tight_layout, so results might be incorrect.
  fig.tight_layout()
/mnt/data/dheeraj/dicertation/inference-profile/inference_profile/plots.py:1909: UserWarning: This figure includes Axes that are not compatible with tight_layout, so results might be incorrect.
  fig.tight_layout()
/mnt/data/dheeraj/dicertation/inference-profile/inference_profile/plots.py:1909: UserWarning: This figure includes Axes that are not compatible with tight_layout, so results might be incorrect.
  fig.tight_layout()
== revised-full-20260414-g4-opt27b-c64-256 :: verify-bundle ==
revised-full-20260414-g4-opt27b-c64-256 OK

== revised-full-20260414-g5-opt27b-c512-1024 :: report ==
/mnt/data/dheeraj/dicertation/inference-profile/inference_profile/plots.py:1909: UserWarning: This figure includes Axes that are not compatible with tight_layout, so results might be incorrect.
  fig.tight_layout()
/mnt/data/dheeraj/dicertation/inference-profile/inference_profile/plots.py:1909: UserWarning: This figure includes Axes that are not compatible with tight_layout, so results might be incorrect.
  fig.tight_layout()
/mnt/data/dheeraj/dicertation/inference-profile/inference_profile/plots.py:1909: UserWarning: This figure includes Axes that are not compatible with tight_layout, so results might be incorrect.
  fig.tight_layout()
/mnt/data/dheeraj/dicertation/inference-profile/inference_profile/plots.py:1909: UserWarning: This figure includes Axes that are not compatible with tight_layout, so results might be incorrect.
  fig.tight_layout()
== revised-full-20260414-g5-opt27b-c512-1024 :: verify-bundle ==
revised-full-20260414-g5-opt27b-c512-1024 OK

== revised-full-20260414-g6-opt67b-c64-256 :: report ==
/mnt/data/dheeraj/dicertation/inference-profile/inference_profile/plots.py:1909: UserWarning: This figure includes Axes that are not compatible with tight_layout, so results might be incorrect.
  fig.tight_layout()
/mnt/data/dheeraj/dicertation/inference-profile/inference_profile/plots.py:1909: UserWarning: This figure includes Axes that are not compatible with tight_layout, so results might be incorrect.
  fig.tight_layout()
/mnt/data/dheeraj/dicertation/inference-profile/inference_profile/plots.py:1909: UserWarning: This figure includes Axes that are not compatible with tight_layout, so results might be incorrect.
  fig.tight_layout()
/mnt/data/dheeraj/dicertation/inference-profile/inference_profile/plots.py:1909: UserWarning: This figure includes Axes that are not compatible with tight_layout, so results might be incorrect.
  fig.tight_layout()
== revised-full-20260414-g6-opt67b-c64-256 :: verify-bundle ==
revised-full-20260414-g6-opt67b-c64-256 OK

== revised-full-20260414-g7-opt67b-c512-1024 :: report ==
/mnt/data/dheeraj/dicertation/inference-profile/inference_profile/plots.py:1909: UserWarning: This figure includes Axes that are not compatible with tight_layout, so results might be incorrect.
  fig.tight_layout()
/mnt/data/dheeraj/dicertation/inference-profile/inference_profile/plots.py:1909: UserWarning: This figure includes Axes that are not compatible with tight_layout, so results might be incorrect.
  fig.tight_layout()
/mnt/data/dheeraj/dicertation/inference-profile/inference_profile/plots.py:1909: UserWarning: This figure includes Axes that are not compatible with tight_layout, so results might be incorrect.
  fig.tight_layout()
/mnt/data/dheeraj/dicertation/inference-profile/inference_profile/plots.py:1909: UserWarning: This figure includes Axes that are not compatible with tight_layout, so results might be incorrect.
  fig.tight_layout()
== revised-full-20260414-g7-opt67b-c512-1024 :: verify-bundle ==
revised-full-20260414-g7-opt67b-c512-1024 OK

== revised-full-20260414-opt13b-combined :: report ==
/mnt/data/dheeraj/dicertation/inference-profile/inference_profile/plots.py:1909: UserWarning: This figure includes Axes that are not compatible with tight_layout, so results might be incorrect.
  fig.tight_layout()
/mnt/data/dheeraj/dicertation/inference-profile/inference_profile/plots.py:1909: UserWarning: This figure includes Axes that are not compatible with tight_layout, so results might be incorrect.
  fig.tight_layout()
/mnt/data/dheeraj/dicertation/inference-profile/inference_profile/plots.py:1909: UserWarning: This figure includes Axes that are not compatible with tight_layout, so results might be incorrect.
  fig.tight_layout()
/mnt/data/dheeraj/dicertation/inference-profile/inference_profile/plots.py:1909: UserWarning: This figure includes Axes that are not compatible with tight_layout, so results might be incorrect.
  fig.tight_layout()
== revised-full-20260414-opt13b-combined :: verify-bundle ==
revised-full-20260414-opt13b-combined OK

== revised-full-20260414-opt27b-combined :: report ==
/mnt/data/dheeraj/dicertation/inference-profile/inference_profile/plots.py:1909: UserWarning: This figure includes Axes that are not compatible with tight_layout, so results might be incorrect.
  fig.tight_layout()
/mnt/data/dheeraj/dicertation/inference-profile/inference_profile/plots.py:1909: UserWarning: This figure includes Axes that are not compatible with tight_layout, so results might be incorrect.
  fig.tight_layout()
/mnt/data/dheeraj/dicertation/inference-profile/inference_profile/plots.py:1909: UserWarning: This figure includes Axes that are not compatible with tight_layout, so results might be incorrect.
  fig.tight_layout()
/mnt/data/dheeraj/dicertation/inference-profile/inference_profile/plots.py:1909: UserWarning: This figure includes Axes that are not compatible with tight_layout, so results might be incorrect.
  fig.tight_layout()
== revised-full-20260414-opt27b-combined :: verify-bundle ==
revised-full-20260414-opt27b-combined OK

== revised-full-20260414-opt67b-combined :: report ==
/mnt/data/dheeraj/dicertation/inference-profile/inference_profile/plots.py:1909: UserWarning: This figure includes Axes that are not compatible with tight_layout, so results might be incorrect.
  fig.tight_layout()
/mnt/data/dheeraj/dicertation/inference-profile/inference_profile/plots.py:1909: UserWarning: This figure includes Axes that are not compatible with tight_layout, so results might be incorrect.
  fig.tight_layout()
/mnt/data/dheeraj/dicertation/inference-profile/inference_profile/plots.py:1909: UserWarning: This figure includes Axes that are not compatible with tight_layout, so results might be incorrect.
  fig.tight_layout()
/mnt/data/dheeraj/dicertation/inference-profile/inference_profile/plots.py:1909: UserWarning: This figure includes Axes that are not compatible with tight_layout, so results might be incorrect.
  fig.tight_layout()
== revised-full-20260414-opt67b-combined :: verify-bundle ==
revised-full-20260414-opt67b-combined OK

ALL_REGENERATED_OK
