
Fetching 1 files:   0%|          | 0/1 [00:00<?, ?it/s]
Fetching 1 files: 100%|██████████| 1/1 [00:00<00:00, 8924.05it/s]
/mnt/data/dheeraj/dicertation/inference-profile/inference_profile/plots.py:1893: UserWarning: This figure includes Axes that are not compatible with tight_layout, so results might be incorrect.
  fig.tight_layout()
/mnt/data/dheeraj/dicertation/inference-profile/inference_profile/plots.py:1893: UserWarning: This figure includes Axes that are not compatible with tight_layout, so results might be incorrect.
  fig.tight_layout()
/mnt/data/dheeraj/dicertation/inference-profile/inference_profile/plots.py:1893: UserWarning: This figure includes Axes that are not compatible with tight_layout, so results might be incorrect.
  fig.tight_layout()
/mnt/data/dheeraj/dicertation/inference-profile/inference_profile/plots.py:1893: UserWarning: This figure includes Axes that are not compatible with tight_layout, so results might be incorrect.
  fig.tight_layout()
INFO: activate-binutils_linux-64.sh made the following environmental changes:
+ADDR2LINE=/home/dheeraj/miniconda3/envs/mls/bin/x86_64-conda_cos6-linux-gnu-addr2line
+AR=/home/dheeraj/miniconda3/envs/mls/bin/x86_64-conda_cos6-linux-gnu-ar
+AS=/home/dheeraj/miniconda3/envs/mls/bin/x86_64-conda_cos6-linux-gnu-as
+CXXFILT=/home/dheeraj/miniconda3/envs/mls/bin/x86_64-conda_cos6-linux-gnu-c++filt
+ELFEDIT=/home/dheeraj/miniconda3/envs/mls/bin/x86_64-conda_cos6-linux-gnu-elfedit
+GPROF=/home/dheeraj/miniconda3/envs/mls/bin/x86_64-conda_cos6-linux-gnu-gprof
+HOST=x86_64-conda_cos6-linux-gnu
+LD_GOLD=/home/dheeraj/miniconda3/envs/mls/bin/x86_64-conda_cos6-linux-gnu-ld.gold
+LD=/home/dheeraj/miniconda3/envs/mls/bin/x86_64-conda_cos6-linux-gnu-ld
+NM=/home/dheeraj/miniconda3/envs/mls/bin/x86_64-conda_cos6-linux-gnu-nm
+OBJCOPY=/home/dheeraj/miniconda3/envs/mls/bin/x86_64-conda_cos6-linux-gnu-objcopy
+OBJDUMP=/home/dheeraj/miniconda3/envs/mls/bin/x86_64-conda_cos6-linux-gnu-objdump
+RANLIB=/home/dheeraj/miniconda3/envs/mls/bin/x86_64-conda_cos6-linux-gnu-ranlib
+READELF=/home/dheeraj/miniconda3/envs/mls/bin/x86_64-conda_cos6-linux-gnu-readelf
+SIZE=/home/dheeraj/miniconda3/envs/mls/bin/x86_64-conda_cos6-linux-gnu-size
+STRINGS=/home/dheeraj/miniconda3/envs/mls/bin/x86_64-conda_cos6-linux-gnu-strings
+STRIP=/home/dheeraj/miniconda3/envs/mls/bin/x86_64-conda_cos6-linux-gnu-strip
INFO: deactivate-binutils_linux-64.sh made the following environmental changes:
-ADDR2LINE=/home/dheeraj/miniconda3/envs/mls/bin/x86_64-conda_cos6-linux-gnu-addr2line
-AR=/home/dheeraj/miniconda3/envs/mls/bin/x86_64-conda_cos6-linux-gnu-ar
-AS=/home/dheeraj/miniconda3/envs/mls/bin/x86_64-conda_cos6-linux-gnu-as
-CXXFILT=/home/dheeraj/miniconda3/envs/mls/bin/x86_64-conda_cos6-linux-gnu-c++filt
-ELFEDIT=/home/dheeraj/miniconda3/envs/mls/bin/x86_64-conda_cos6-linux-gnu-elfedit
-GPROF=/home/dheeraj/miniconda3/envs/mls/bin/x86_64-conda_cos6-linux-gnu-gprof
-HOST=x86_64-conda_cos6-linux-gnu
+HOST=x86_64-conda-linux-gnu
-LD_GOLD=/home/dheeraj/miniconda3/envs/mls/bin/x86_64-conda_cos6-linux-gnu-ld.gold
-LD=/home/dheeraj/miniconda3/envs/mls/bin/x86_64-conda_cos6-linux-gnu-ld
-NM=/home/dheeraj/miniconda3/envs/mls/bin/x86_64-conda_cos6-linux-gnu-nm
-OBJCOPY=/home/dheeraj/miniconda3/envs/mls/bin/x86_64-conda_cos6-linux-gnu-objcopy
-OBJDUMP=/home/dheeraj/miniconda3/envs/mls/bin/x86_64-conda_cos6-linux-gnu-objdump
-RANLIB=/home/dheeraj/miniconda3/envs/mls/bin/x86_64-conda_cos6-linux-gnu-ranlib
-READELF=/home/dheeraj/miniconda3/envs/mls/bin/x86_64-conda_cos6-linux-gnu-readelf
-SIZE=/home/dheeraj/miniconda3/envs/mls/bin/x86_64-conda_cos6-linux-gnu-size
-STRINGS=/home/dheeraj/miniconda3/envs/mls/bin/x86_64-conda_cos6-linux-gnu-strings
-STRIP=/home/dheeraj/miniconda3/envs/mls/bin/x86_64-conda_cos6-linux-gnu-strip
